hsa-miR-324-5p 4 107 [337, 188, 792] [647, 615, 297]
hsa-miR-134-5p 63 1 [104, 1173, 2] [15, 2038, 549]
hsa-miR-223-3p 1 9 [296, 21, 226] [299, 2, 2057]
hsa-miR-106a-5p 12 10 [40, 64, 48] [984, 181, 802]
hsa-miR-495-3p 4 89 [1592, 80, 576] [563, 1797, 1312]
hsa-miR-150-5p 139 1 [128, 1761, 22] [6, 254, 6]
hsa-miR-25-3p 13 10 [89, 76, 185] [6, 234, 577]
hsa-miR-708-5p 17 172 [1214, 528, 425] [1511, 596, 869]
hsa-miR-744-5p 1 4 [2, 2, 3] [20, 4, 63]
hsa-miR-138-5p 4 51 [1763, 517, 1650] [1225, 36, 216]
hsa-miR-9-5p 52 22 [5, 511, 565] [965, 342, 10]
hsa-miR-429 163 315 [1915, 159, 12] [680, 52, 882]
hsa-miR-30a-5p 4 407 [736, 1165, 330] [798, 1708, 695]
hsa-miR-200b-3p 9 754 [347, 640, 567] [1651, 578, 968]
hsa-miR-199a-5p 3 103 [915, 918, 454] [1447, 1, 316]
hsa-miR-19b-3p 3 11 [89, 588, 165] [266, 676, 11]
hsa-miR-615-3p 768 368 [32, 14, 323] [7, 45, 96]
hsa-miR-503-5p 1 4 [4, 4, 4] [1, 88, 1]
hsa-miR-545-3p 2 105 [87, 1684, 922] [638, 194, 127]
hsa-miR-128-3p 139 1863 [1074, 1052, 2079] [428, 128, 751]
hsa-miR-96-5p 231 656 [428, 552, 1557] [355, 1588, 1157]
hsa-miR-10b-5p 49 316 [386, 166, 126] [220, 905, 2]
hsa-miR-652-3p 59 23 [2, 8, 2] [3, 1, 1]
hsa-miR-660-5p 1 1 [9, 628, 303] [1, 39, 124]
hsa-miR-195-5p 8 8 [42, 1535, 302] [32, 30, 852]
hsa-miR-216a-5p 475 122 [15, 11, 233] [1, 108, 36]
hsa-miR-141-3p 1293 557 [897, 448, 1925] [416, 2143, 1337]
hsa-miR-320a 803 147 [944, 11, 158] [405, 2070, 1487]
hsa-miR-671-5p 1 1 [2, 1540, 25] [399, 1720, 121]
hsa-miR-93-5p 1 1 [494, 186, 57] [931, 99, 768]
{"median_rank": {"cnn": 10.5, "sitecount": 70.0, "matched": 432.66666666666663, "uniform": 506.0}, "R1_cnn_vs_uniform": {"wins": 26, "losses": 4, "ties_excluded": true, "p_one_sided": 2.9738061130046848e-05, "verdict": "CONFIRMED"}, "R2_cnn_vs_sitecount": {"wins": 16, "losses": 10, "ties_excluded": true, "p_one_sided": 0.16346979141235352, "verdict": "FALSIFIED"}, "R3_cnn_vs_exprmatched": {"wins": 25, "losses": 5, "ties_excluded": true, "p_one_sided": 0.00016245711594820025, "verdict": "CONFIRMED"}, "discovery_replicates": false}
