hsa-miR-9-5p 1773 KEEP
hsa-miR-10a-5p 1272 KEEP
hsa-miR-10b-5p 1271 KEEP
hsa-miR-15a-5p 2756 KEEP
hsa-miR-15b-5p 2736 KEEP
hsa-miR-18a-5p 1518 KEEP
hsa-miR-19b-3p 1970 KEEP
hsa-miR-20a-5p 2707 KEEP
hsa-miR-22-3p 1767 KEEP
hsa-miR-25-3p 1610 KEEP
hsa-miR-28-5p 1476 KEEP
hsa-miR-31-5p 1421 KEEP
hsa-miR-32-5p 1652 KEEP
hsa-miR-34a-5p 1735 KEEP
hsa-miR-93-5p 2590 KEEP
hsa-miR-96-5p 1640 KEEP
hsa-miR-98-5p 1731 KEEP
hsa-miR-99a-5p 205 KEEP
hsa-miR-100-5p 209 KEEP
hsa-miR-101-3p 2250 KEEP
hsa-miR-106a-5p 2744 KEEP
hsa-miR-106b-5p 2704 KEEP
hsa-miR-107 2773 KEEP
hsa-miR-122-5p 1387 KEEP
hsa-miR-126-3p 100 KEEP
hsa-miR-127-5p 0 drop
hsa-miR-128-3p 2470 KEEP
hsa-miR-129-5p 2264 KEEP
hsa-miR-130b-3p 2264 KEEP
hsa-miR-132-3p 1945 KEEP
hsa-miR-133a-3p 924 KEEP
hsa-miR-133b 926 KEEP
hsa-miR-134-5p 1050 KEEP
hsa-miR-135b-5p 1416 KEEP
hsa-miR-138-5p 1443 KEEP
hsa-miR-139-5p 1453 KEEP
hsa-miR-140-5p 1097 KEEP
hsa-miR-141-3p 1983 KEEP
hsa-miR-143-3p 1514 KEEP
hsa-miR-144-3p 2286 KEEP
hsa-miR-145-5p 1436 KEEP
hsa-miR-146a-5p 1222 KEEP
hsa-miR-146b-5p 1225 KEEP
hsa-miR-148a-3p 1691 KEEP
hsa-miR-149-5p 1788 KEEP
hsa-miR-150-5p 1910 KEEP
hsa-miR-152-3p 1656 KEEP
hsa-miR-153-3p 1433 KEEP
hsa-miR-182-5p 1706 KEEP
hsa-miR-183-5p 1613 KEEP
hsa-miR-184 433 KEEP
hsa-miR-185-5p 2252 KEEP
hsa-miR-186-5p 3169 KEEP
hsa-miR-187-3p 278 KEEP
hsa-miR-190a-5p 861 KEEP
hsa-miR-191-5p 422 KEEP
hsa-miR-192-5p 945 KEEP
hsa-miR-193a-5p 856 KEEP
hsa-miR-194-5p 1695 KEEP
hsa-miR-195-5p 2764 KEEP
hsa-miR-196a-5p 1460 KEEP
hsa-miR-197-3p 1448 KEEP
hsa-miR-200a-3p 1955 KEEP
hsa-miR-200b-3p 2005 KEEP
hsa-miR-203a-3p 0 drop
hsa-miR-204-5p 1322 KEEP
hsa-miR-205-5p 1434 KEEP
hsa-miR-206 1548 KEEP
hsa-miR-210-3p 305 KEEP
hsa-miR-214-3p 3065 KEEP
hsa-miR-215-5p 928 KEEP
hsa-miR-216a-5p 1045 KEEP
hsa-miR-217-5p 0 drop
hsa-miR-218-5p 1358 KEEP
hsa-miR-222-3p 1340 KEEP
hsa-miR-223-3p 1108 KEEP
hsa-miR-224-5p 1749 KEEP
hsa-miR-296-5p 1237 KEEP
hsa-miR-302a-3p 2025 KEEP
hsa-miR-320a 2106 KEEP
hsa-miR-324-5p 835 KEEP
hsa-miR-328-3p 1172 KEEP
hsa-miR-335-5p 1642 KEEP
hsa-miR-338-3p 2142 KEEP
hsa-miR-339-5p 1215 KEEP
hsa-miR-342-3p 1615 KEEP
hsa-miR-345-5p 1077 KEEP
hsa-miR-361-5p 1087 KEEP
hsa-miR-363-3p 1611 KEEP
hsa-miR-375 977 KEEP
hsa-miR-376a-3p 870 KEEP
hsa-miR-378a-3p 1141 KEEP
hsa-miR-409-3p 1715 KEEP
hsa-miR-424-5p 2818 KEEP
hsa-miR-425-5p 1654 KEEP
hsa-miR-429 2058 KEEP
hsa-miR-451a 217 KEEP
hsa-miR-484 0 drop
hsa-miR-486-5p 992 KEEP
hsa-miR-494-3p 2263 KEEP
hsa-miR-495-3p 3440 KEEP
hsa-miR-500a-3p 408 KEEP
hsa-miR-503-5p 2387 KEEP
hsa-miR-532-5p 952 KEEP
hsa-miR-545-3p 2057 KEEP
hsa-miR-574-5p 1011 KEEP
hsa-miR-590-5p 1126 KEEP
hsa-miR-615-3p 341 KEEP
hsa-miR-625-5p 1469 KEEP
hsa-miR-629-5p 930 KEEP
hsa-miR-652-3p 214 KEEP
hsa-miR-660-5p 738 KEEP
hsa-miR-671-5p 1537 KEEP
hsa-miR-708-5p 1473 KEEP
hsa-miR-744-5p 708 KEEP
hsa-miR-766-3p 0 drop
hsa-miR-885-5p 1004 KEEP
hsa-miR-92b-3p 1637 KEEP
{
 "min_genes": 20,
 "n_kept_new": 113,
 "n_prior": 23,
 "total_panel": 136
}
