This is pdfTeX, Version 3.141592653-2.6-1.40.22 (TeX Live 2022/dev/Debian) (preloaded format=pdflatex 2026.8.14)  27 SEP 2026 11:16
entering extended mode
 restricted \write18 enabled.
 %&-line parsing enabled.
**main.tex
(./main.tex
LaTeX2e <2021-11-15> patch level 1
L3 programming layer <2022-01-21>
(/usr/share/texlive/texmf-dist/tex/latex/base/article.cls
Document Class: article 2021/10/04 v1.4n Standard LaTeX document class
(/usr/share/texlive/texmf-dist/tex/latex/base/size11.clo
File: size11.clo 2021/10/04 v1.4n Standard LaTeX file (size option)
)
\c@part=\count185
\c@section=\count186
\c@subsection=\count187
\c@subsubsection=\count188
\c@paragraph=\count189
\c@subparagraph=\count190
\c@figure=\count191
\c@table=\count192
\abovecaptionskip=\skip47
\belowcaptionskip=\skip48
\bibindent=\dimen138
)
(/usr/share/texlive/texmf-dist/tex/latex/psnfss/mathptmx.sty
Package: mathptmx 2020/03/25 PSNFSS-v9.3 Times w/ Math, improved (SPQR, WaS) 
LaTeX Font Info:    Redeclaring symbol font `operators' on input line 28.
LaTeX Font Info:    Overwriting symbol font `operators' in version `normal'
(Font)                  OT1/cmr/m/n --> OT1/ztmcm/m/n on input line 28.
LaTeX Font Info:    Overwriting symbol font `operators' in version `bold'
(Font)                  OT1/cmr/bx/n --> OT1/ztmcm/m/n on input line 28.
LaTeX Font Info:    Redeclaring symbol font `letters' on input line 29.
LaTeX Font Info:    Overwriting symbol font `letters' in version `normal'
(Font)                  OML/cmm/m/it --> OML/ztmcm/m/it on input line 29.
LaTeX Font Info:    Overwriting symbol font `letters' in version `bold'
(Font)                  OML/cmm/b/it --> OML/ztmcm/m/it on input line 29.
LaTeX Font Info:    Redeclaring symbol font `symbols' on input line 30.
LaTeX Font Info:    Overwriting symbol font `symbols' in version `normal'
(Font)                  OMS/cmsy/m/n --> OMS/ztmcm/m/n on input line 30.
LaTeX Font Info:    Overwriting symbol font `symbols' in version `bold'
(Font)                  OMS/cmsy/b/n --> OMS/ztmcm/m/n on input line 30.
LaTeX Font Info:    Redeclaring symbol font `largesymbols' on input line 31.
LaTeX Font Info:    Overwriting symbol font `largesymbols' in version `normal'
(Font)                  OMX/cmex/m/n --> OMX/ztmcm/m/n on input line 31.
LaTeX Font Info:    Overwriting symbol font `largesymbols' in version `bold'
(Font)                  OMX/cmex/m/n --> OMX/ztmcm/m/n on input line 31.
\symbold=\mathgroup4
\symitalic=\mathgroup5
LaTeX Font Info:    Redeclaring math alphabet \mathbf on input line 34.
LaTeX Font Info:    Overwriting math alphabet `\mathbf' in version `normal'
(Font)                  OT1/cmr/bx/n --> OT1/ptm/bx/n on input line 34.
LaTeX Font Info:    Overwriting math alphabet `\mathbf' in version `bold'
(Font)                  OT1/cmr/bx/n --> OT1/ptm/bx/n on input line 34.
LaTeX Font Info:    Redeclaring math alphabet \mathit on input line 35.
LaTeX Font Info:    Overwriting math alphabet `\mathit' in version `normal'
(Font)                  OT1/cmr/m/it --> OT1/ptm/m/it on input line 35.
LaTeX Font Info:    Overwriting math alphabet `\mathit' in version `bold'
(Font)                  OT1/cmr/bx/it --> OT1/ptm/m/it on input line 35.
LaTeX Info: Redefining \hbar on input line 50.
)
(/usr/share/texlive/texmf-dist/tex/latex/geometry/geometry.sty
Package: geometry 2020/01/02 v5.9 Page Geometry

(/usr/share/texlive/texmf-dist/tex/latex/graphics/keyval.sty
Package: keyval 2014/10/28 v1.15 key=value parser (DPC)
\KV@toks@=\toks16
)
(/usr/share/texlive/texmf-dist/tex/generic/iftex/ifvtex.sty
Package: ifvtex 2019/10/25 v1.7 ifvtex legacy package. Use iftex instead.

(/usr/share/texlive/texmf-dist/tex/generic/iftex/iftex.sty
Package: iftex 2020/03/06 v1.0d TeX engine tests
))
\Gm@cnth=\count193
\Gm@cntv=\count194
\c@Gm@tempcnt=\count195
\Gm@bindingoffset=\dimen139
\Gm@wd@mp=\dimen140
\Gm@odd@mp=\dimen141
\Gm@even@mp=\dimen142
\Gm@layoutwidth=\dimen143
\Gm@layoutheight=\dimen144
\Gm@layouthoffset=\dimen145
\Gm@layoutvoffset=\dimen146
\Gm@dimlist=\toks17
)
(/usr/share/texlive/texmf-dist/tex/latex/graphics/graphicx.sty
Package: graphicx 2021/09/16 v1.2d Enhanced LaTeX Graphics (DPC,SPQR)

(/usr/share/texlive/texmf-dist/tex/latex/graphics/graphics.sty
Package: graphics 2021/03/04 v1.4d Standard LaTeX Graphics (DPC,SPQR)

(/usr/share/texlive/texmf-dist/tex/latex/graphics/trig.sty
Package: trig 2021/08/11 v1.11 sin cos tan (DPC)
)
(/usr/share/texlive/texmf-dist/tex/latex/graphics-cfg/graphics.cfg
File: graphics.cfg 2016/06/04 v1.11 sample graphics configuration
)
Package graphics Info: Driver file: pdftex.def on input line 107.

(/usr/share/texlive/texmf-dist/tex/latex/graphics-def/pdftex.def
File: pdftex.def 2020/10/05 v1.2a Graphics/color driver for pdftex
))
\Gin@req@height=\dimen147
\Gin@req@width=\dimen148
)
(/usr/share/texlive/texmf-dist/tex/latex/amsmath/amsmath.sty
Package: amsmath 2021/10/15 v2.17l AMS math features
\@mathmargin=\skip49

For additional information on amsmath, use the `?' option.
(/usr/share/texlive/texmf-dist/tex/latex/amsmath/amstext.sty
Package: amstext 2021/08/26 v2.01 AMS text

(/usr/share/texlive/texmf-dist/tex/latex/amsmath/amsgen.sty
File: amsgen.sty 1999/11/30 v2.0 generic functions
\@emptytoks=\toks18
\ex@=\dimen149
))
(/usr/share/texlive/texmf-dist/tex/latex/amsmath/amsbsy.sty
Package: amsbsy 1999/11/29 v1.2d Bold Symbols
\pmbraise@=\dimen150
)
(/usr/share/texlive/texmf-dist/tex/latex/amsmath/amsopn.sty
Package: amsopn 2021/08/26 v2.02 operator names
)
\inf@bad=\count196
LaTeX Info: Redefining \frac on input line 234.
\uproot@=\count197
\leftroot@=\count198
LaTeX Info: Redefining \overline on input line 399.
\classnum@=\count199
\DOTSCASE@=\count266
LaTeX Info: Redefining \ldots on input line 496.
LaTeX Info: Redefining \dots on input line 499.
LaTeX Info: Redefining \cdots on input line 620.
\Mathstrutbox@=\box50
\strutbox@=\box51
\big@size=\dimen151
LaTeX Font Info:    Redeclaring font encoding OML on input line 743.
LaTeX Font Info:    Redeclaring font encoding OMS on input line 744.
\macc@depth=\count267
\c@MaxMatrixCols=\count268
\dotsspace@=\muskip16
\c@parentequation=\count269
\dspbrk@lvl=\count270
\tag@help=\toks19
\row@=\count271
\column@=\count272
\maxfields@=\count273
\andhelp@=\toks20
\eqnshift@=\dimen152
\alignsep@=\dimen153
\tagshift@=\dimen154
\tagwidth@=\dimen155
\totwidth@=\dimen156
\lineht@=\dimen157
\@envbody=\toks21
\multlinegap=\skip50
\multlinetaggap=\skip51
\mathdisplay@stack=\toks22
LaTeX Info: Redefining \[ on input line 2938.
LaTeX Info: Redefining \] on input line 2939.
)
(/usr/share/texlive/texmf-dist/tex/latex/amsfonts/amssymb.sty
Package: amssymb 2013/01/14 v3.01 AMS font symbols

(/usr/share/texlive/texmf-dist/tex/latex/amsfonts/amsfonts.sty
Package: amsfonts 2013/01/14 v3.01 Basic AMSFonts support
\symAMSa=\mathgroup6
\symAMSb=\mathgroup7
LaTeX Font Info:    Overwriting math alphabet `\mathfrak' in version `bold'
(Font)                  U/euf/m/n --> U/euf/b/n on input line 106.
))
(/usr/share/texlive/texmf-dist/tex/latex/url/url.sty
\Urlmuskip=\muskip17
Package: url 2013/09/16  ver 3.4  Verb mode for urls, etc.
)
LaTeX Font Info:    Trying to load font information for OT1+ptm on input line 8
.

(/usr/share/texlive/texmf-dist/tex/latex/psnfss/ot1ptm.fd
File: ot1ptm.fd 2001/06/04 font definitions for OT1/ptm.
)
(/usr/share/texlive/texmf-dist/tex/latex/l3backend/l3backend-pdftex.def
File: l3backend-pdftex.def 2022-01-12 L3 backend support: PDF output (pdfTeX)
\l__color_backend_stack_int=\count274
\l__pdf_internal_box=\box52
)
(./main.aux)
\openout1 = `main.aux'.

LaTeX Font Info:    Checking defaults for OML/cmm/m/it on input line 8.
LaTeX Font Info:    ... okay on input line 8.
LaTeX Font Info:    Checking defaults for OMS/cmsy/m/n on input line 8.
LaTeX Font Info:    ... okay on input line 8.
LaTeX Font Info:    Checking defaults for OT1/cmr/m/n on input line 8.
LaTeX Font Info:    ... okay on input line 8.
LaTeX Font Info:    Checking defaults for T1/cmr/m/n on input line 8.
LaTeX Font Info:    ... okay on input line 8.
LaTeX Font Info:    Checking defaults for TS1/cmr/m/n on input line 8.
LaTeX Font Info:    ... okay on input line 8.
LaTeX Font Info:    Checking defaults for OMX/cmex/m/n on input line 8.
LaTeX Font Info:    ... okay on input line 8.
LaTeX Font Info:    Checking defaults for U/cmr/m/n on input line 8.
LaTeX Font Info:    ... okay on input line 8.

*geometry* driver: auto-detecting
*geometry* detected driver: pdftex
*geometry* verbose mode - [ preamble ] result:
* driver: pdftex
* paper: <default>
* layout: <same size as paper>
* layoutoffset:(h,v)=(0.0pt,0.0pt)
* modes: 
* h-part:(L,W,R)=(72.26999pt, 469.75502pt, 72.26999pt)
* v-part:(T,H,B)=(72.26999pt, 650.43001pt, 72.26999pt)
* \paperwidth=614.295pt
* \paperheight=794.96999pt
* \textwidth=469.75502pt
* \textheight=650.43001pt
* \oddsidemargin=0.0pt
* \evensidemargin=0.0pt
* \topmargin=-37.0pt
* \headheight=12.0pt
* \headsep=25.0pt
* \topskip=11.0pt
* \footskip=30.0pt
* \marginparwidth=59.0pt
* \marginparsep=10.0pt
* \columnsep=10.0pt
* \skip\footins=10.0pt plus 4.0pt minus 2.0pt
* \hoffset=0.0pt
* \voffset=0.0pt
* \mag=1000
* \@twocolumnfalse
* \@twosidefalse
* \@mparswitchfalse
* \@reversemarginfalse
* (1in=72.27pt=25.4mm, 1cm=28.453pt)

(/usr/share/texlive/texmf-dist/tex/context/base/mkii/supp-pdf.mkii
[Loading MPS to PDF converter (version 2006.09.02).]
\scratchcounter=\count275
\scratchdimen=\dimen158
\scratchbox=\box53
\nofMPsegments=\count276
\nofMParguments=\count277
\everyMPshowfont=\toks23
\MPscratchCnt=\count278
\MPscratchDim=\dimen159
\MPnumerator=\count279
\makeMPintoPDFobject=\count280
\everyMPtoPDFconversion=\toks24
) (/usr/share/texlive/texmf-dist/tex/latex/epstopdf-pkg/epstopdf-base.sty
Package: epstopdf-base 2020-01-24 v2.11 Base part for package epstopdf
Package epstopdf-base Info: Redefining graphics rule for `.eps' on input line 4
85.

(/usr/share/texlive/texmf-dist/tex/latex/latexconfig/epstopdf-sys.cfg
File: epstopdf-sys.cfg 2010/07/13 v1.3 Configuration of (r)epstopdf for TeX Liv
e
))
LaTeX Font Info:    Trying to load font information for OT1+ztmcm on input line
 8.

(/usr/share/texlive/texmf-dist/tex/latex/psnfss/ot1ztmcm.fd
File: ot1ztmcm.fd 2000/01/03 Fontinst v1.801 font definitions for OT1/ztmcm.
)
LaTeX Font Info:    Trying to load font information for OML+ztmcm on input line
 8.

(/usr/share/texlive/texmf-dist/tex/latex/psnfss/omlztmcm.fd
File: omlztmcm.fd 2000/01/03 Fontinst v1.801 font definitions for OML/ztmcm.
)
LaTeX Font Info:    Trying to load font information for OMS+ztmcm on input line
 8.

(/usr/share/texlive/texmf-dist/tex/latex/psnfss/omsztmcm.fd
File: omsztmcm.fd 2000/01/03 Fontinst v1.801 font definitions for OMS/ztmcm.
)
LaTeX Font Info:    Trying to load font information for OMX+ztmcm on input line
 8.

(/usr/share/texlive/texmf-dist/tex/latex/psnfss/omxztmcm.fd
File: omxztmcm.fd 2000/01/03 Fontinst v1.801 font definitions for OMX/ztmcm.
)
LaTeX Font Info:    Font shape `OT1/ptm/bx/n' in size <12> not available
(Font)              Font shape `OT1/ptm/b/n' tried instead on input line 8.
LaTeX Font Info:    Font shape `OT1/ptm/bx/n' in size <9> not available
(Font)              Font shape `OT1/ptm/b/n' tried instead on input line 8.
LaTeX Font Info:    Font shape `OT1/ptm/bx/n' in size <7> not available
(Font)              Font shape `OT1/ptm/b/n' tried instead on input line 8.


LaTeX Warning: No \author given.

LaTeX Font Info:    Font shape `OT1/ptm/bx/n' in size <10> not available
(Font)              Font shape `OT1/ptm/b/n' tried instead on input line 10.
LaTeX Font Info:    Font shape `OT1/ptm/bx/n' in size <7.4> not available
(Font)              Font shape `OT1/ptm/b/n' tried instead on input line 10.
LaTeX Font Info:    Font shape `OT1/ptm/bx/n' in size <6> not available
(Font)              Font shape `OT1/ptm/b/n' tried instead on input line 10.
(./main.toc
LaTeX Font Info:    Font shape `OT1/ptm/bx/n' in size <10.95> not available
(Font)              Font shape `OT1/ptm/b/n' tried instead on input line 4.
LaTeX Font Info:    Font shape `OT1/ptm/bx/n' in size <8> not available
(Font)              Font shape `OT1/ptm/b/n' tried instead on input line 4.
 [1

{/var/lib/texmf/fonts/map/pdftex/updmap/pdftex.map}]
Overfull \hbox (6.30243pt too wide) in paragraph at lines 44--44
 [][] []\OT1/ptm/m/n/10.95 Orphanet rare-disease genes: de-ple-tion vs expressi
on-matched only; gone against publication- 
 []

[2])
\tf@toc=\write3
\openout3 = `main.toc'.

 [3]
<figs/fig_benchmark.pdf, id=18, 346.89601pt x 195.129pt>
File: figs/fig_benchmark.pdf Graphic file (type pdf)
<use figs/fig_benchmark.pdf>
Package pdftex.def Info: figs/fig_benchmark.pdf  used on input line 31.
(pdftex.def)             Requested size: 399.29463pt x 224.61394pt.


LaTeX Warning: `h' float specifier changed to `ht'.

<figs/fig_discovery_curve.pdf, id=19, 317.98799pt x 180.675pt>
File: figs/fig_discovery_curve.pdf Graphic file (type pdf)
<use figs/fig_discovery_curve.pdf>
Package pdftex.def Info: figs/fig_discovery_curve.pdf  used on input line 35.
(pdftex.def)             Requested size: 352.31625pt x 200.19046pt.
[4]

LaTeX Warning: `h' float specifier changed to `ht'.

<figs/fig_clip_permirna.pdf, id=27, 375.804pt x 187.902pt>
File: figs/fig_clip_permirna.pdf Graphic file (type pdf)
<use figs/fig_clip_permirna.pdf>
Package pdftex.def Info: figs/fig_clip_permirna.pdf  used on input line 38.
(pdftex.def)             Requested size: 446.26582pt x 223.14453pt.

LaTeX Warning: `h' float specifier changed to `ht'.


Overfull \hbox (12.60936pt too wide) in paragraph at lines 40--41
\OT1/ptm/m/n/10.95 Pooled (23-miRNA panel): AU-ROC $\OT1/ztmcm/m/n/10.95 0\OML/
ztmcm/m/it/10.95 :\OT1/ztmcm/m/n/10.95 5905$ \OT1/ptm/m/n/10.95 (co-vari-ates) 
$\OMS/ztmcm/m/n/10.95 ! \OT1/ztmcm/m/n/10.95 0\OML/ztmcm/m/it/10.95 :\OT1/ztmcm
/m/n/10.95 5979$ \OT1/ptm/m/n/10.95 (+CNN); $\OT1/ztmcm/m/n/10.95 ^^A = +0\OML/
ztmcm/m/it/10.95 :\OT1/ztmcm/m/n/10.95 0075$\OT1/ptm/m/n/10.95 , CI $\OT1/ztmcm
/m/n/10.95 [0\OML/ztmcm/m/it/10.95 :\OT1/ztmcm/m/n/10.95 0057\OML/ztmcm/m/it/10
.95 ; \OT1/ztmcm/m/n/10.95 0\OML/ztmcm/m/it/10.95 :\OT1/ztmcm/m/n/10.95 0093]$\
OT1/ptm/m/n/10.95 ,
 []

[5 <./figs/fig_benchmark.pdf>]
<figs/fig_permirna_scatter.pdf, id=67, 303.534pt x 289.08pt>
File: figs/fig_permirna_scatter.pdf Graphic file (type pdf)
<use figs/fig_permirna_scatter.pdf>
Package pdftex.def Info: figs/fig_permirna_scatter.pdf  used on input line 46.
(pdftex.def)             Requested size: 258.36668pt x 246.0632pt.


LaTeX Warning: `h' float specifier changed to `ht'.

<figs/fig_permirna_delta.pdf, id=68, 361.35pt x 216.81pt>
File: figs/fig_permirna_delta.pdf Graphic file (type pdf)
<use figs/fig_permirna_delta.pdf>
Package pdftex.def Info: figs/fig_permirna_delta.pdf  used on input line 71.
(pdftex.def)             Requested size: 281.85587pt x 169.11441pt.
[6 <./figs/fig_discovery_curve.pdf>]

LaTeX Warning: `h' float specifier changed to `ht'.

<figs/fig_expression_confound.pdf, id=113, 650.43pt x 238.49101pt>
File: figs/fig_expression_confound.pdf Graphic file (type pdf)
<use figs/fig_expression_confound.pdf>
Package pdftex.def Info: figs/fig_expression_confound.pdf  used on input line 1
05.
(pdftex.def)             Requested size: 446.26582pt x 163.63464pt.
[7 <./figs/fig_clip_permirna.pdf>]

LaTeX Warning: `h' float specifier changed to `ht'.

<figs/fig_rnafold.pdf, id=161, 317.98799pt x 231.26399pt>
File: figs/fig_rnafold.pdf Graphic file (type pdf)
<use figs/fig_rnafold.pdf>
Package pdftex.def Info: figs/fig_rnafold.pdf  used on input line 114.
(pdftex.def)             Requested size: 234.8775pt x 170.8186pt.

LaTeX Warning: `h' float specifier changed to `ht'.

[8 <./figs/fig_permirna_scatter.pdf>] [9 <./figs/fig_permirna_delta.pdf> <./fig
s/fig_expression_confound.pdf>]
Overfull \hbox (4.80171pt too wide) in paragraph at lines 124--125
\OT1/ptm/m/n/10.95 rows (84 miR-NAs, iden-ti-cal gene uni-verse and frozen CNN 
scores) us-ing Tar-Base v9.0 [[]],
 []


Overfull \hbox (123.6077pt too wide) in paragraph at lines 124--125
\OT1/ptm/m/n/10.95 the DI-ANA col-lec-tion of ex-per-i-men-tally sup-ported in-
ter-ac-tions (4,724,537 hu-man records scanned; \OT1/cmtt/m/n/10.95 scripts/tar
base[]benchmark.py\OT1/ptm/m/n/10.95 ,
 []

[10 <./figs/fig_rnafold.pdf>]
<figs/fig_rnahybrid.pdf, id=335, 650.43pt x 238.49101pt>
File: figs/fig_rnahybrid.pdf Graphic file (type pdf)
<use figs/fig_rnahybrid.pdf>
Package pdftex.def Info: figs/fig_rnahybrid.pdf  used on input line 166.
(pdftex.def)             Requested size: 446.26582pt x 163.63464pt.
<figs/fig_miranda.pdf, id=336, 650.43pt x 245.718pt>
File: figs/fig_miranda.pdf Graphic file (type pdf)
<use figs/fig_miranda.pdf>
Package pdftex.def Info: figs/fig_miranda.pdf  used on input line 189.
(pdftex.def)             Requested size: 446.26582pt x 168.59326pt.
 [11 <./figs/fig_rnahybrid.pdf>]
(./gprofiler_sec.tex
<figs/fig_gprofiler.pdf, id=396, 650.43pt x 238.49101pt>
File: figs/fig_gprofiler.pdf Graphic file (type pdf)
<use figs/fig_gprofiler.pdf>
Package pdftex.def Info: figs/fig_gprofiler.pdf  used on input line 7.
(pdftex.def)             Requested size: 446.26582pt x 163.63464pt.
) (./string_sec.tex [12 <./figs/fig_miranda.pdf>]
<figs/fig_string.pdf, id=455, 679.33798pt x 245.718pt>
File: figs/fig_string.pdf Graphic file (type pdf)
<use figs/fig_string.pdf>
Package pdftex.def Info: figs/fig_string.pdf  used on input line 5.
(pdftex.def)             Requested size: 446.26582pt x 161.42075pt.
)
(./encode_mirna_sec.tex

LaTeX Warning: `h' float specifier changed to `ht'.

<figs/fig_encode_mirna.pdf, id=456, 650.43pt x 238.49101pt>
File: figs/fig_encode_mirna.pdf Graphic file (type pdf)
<use figs/fig_encode_mirna.pdf>
Package pdftex.def Info: figs/fig_encode_mirna.pdf  used on input line 5.
(pdftex.def)             Requested size: 446.26582pt x 163.63464pt.
) (./gtex_sec.tex [13 <./figs/fig_gprofiler.pdf>]

LaTeX Warning: `h' float specifier changed to `ht'.

<figs/fig_gtex.pdf, id=520, 664.88402pt x 245.718pt>
File: figs/fig_gtex.pdf Graphic file (type pdf)
<use figs/fig_gtex.pdf>
Package pdftex.def Info: figs/fig_gtex.pdf  used on input line 5.
(pdftex.def)             Requested size: 446.26582pt x 164.92264pt.
) (./enrichr_sec.tex [14 <./figs/fig_string.pdf>]
<figs/fig_enrichr.pdf, id=580, 664.88402pt x 245.718pt>
File: figs/fig_enrichr.pdf Graphic file (type pdf)
<use figs/fig_enrichr.pdf>
Package pdftex.def Info: figs/fig_enrichr.pdf  used on input line 6.
(pdftex.def)             Requested size: 446.26582pt x 164.92264pt.
) (./reactome_sec.tex
Overfull \hbox (47.81161pt too wide) in paragraph at lines 2--1
\OT1/ptm/m/n/10.95 the En-richr API against the miR-Tar-Base[]2017 li-brary (3,
240 miRNA terms; \OT1/cmtt/m/n/10.95 scripts/enrichr[]reverse[]lookup.py\OT1/pt
m/m/n/10.95 ;
 []

[15 <./figs/fig_encode_mirna.pdf> <./figs/fig_gtex.pdf>]
<figs/fig_reactome.pdf, id=711, 650.43pt x 224.037pt>
File: figs/fig_reactome.pdf Graphic file (type pdf)
<use figs/fig_reactome.pdf>
Package pdftex.def Info: figs/fig_reactome.pdf  used on input line 5.
(pdftex.def)             Requested size: 446.26582pt x 153.71738pt.
) (./rnacentral_sec.tex
Overfull \hbox (65.98949pt too wide) in paragraph at lines 2--1
\OT1/ptm/m/n/10.95 We re-peated the path-way ques-tion with Re-ac-tome v97 (Ana
l-y-sis-Ser-vice pro-jec-tion; \OT1/cmtt/m/n/10.95 scripts/reactome[]enrichment
.py\OT1/ptm/m/n/10.95 ;
 []

[16 <./figs/fig_enrichr.pdf>]) (./omnipath_sec.tex

LaTeX Warning: `h' float specifier changed to `ht'.

<figs/fig_omnipath.pdf, id=771, 650.43pt x 231.26399pt>
File: figs/fig_omnipath.pdf Graphic file (type pdf)
<use figs/fig_omnipath.pdf>
Package pdftex.def Info: figs/fig_omnipath.pdf  used on input line 4.
(pdftex.def)             Requested size: 446.26582pt x 158.676pt.
) (./uniprot_sec.tex [17 <./figs/fig_reactome.pdf>]
<figs/fig_uniprot.pdf, id=825, 650.43pt x 231.26399pt>
File: figs/fig_uniprot.pdf Graphic file (type pdf)
<use figs/fig_uniprot.pdf>
Package pdftex.def Info: figs/fig_uniprot.pdf  used on input line 5.
(pdftex.def)             Requested size: 446.26582pt x 158.676pt.
) (./gnomad_sec.tex [18 <./figs/fig_omnipath.pdf>]
<figs/fig_gnomad.pdf, id=883, 650.43pt x 231.26399pt>
File: figs/fig_gnomad.pdf Graphic file (type pdf)
<use figs/fig_gnomad.pdf>
Package pdftex.def Info: figs/fig_gnomad.pdf  used on input line 5.
(pdftex.def)             Requested size: 446.26582pt x 158.676pt.
) (./gnomad_rep_sec.tex

LaTeX Warning: `h' float specifier changed to `ht'.

<figs/fig_gnomad_rep.pdf, id=884, 650.43pt x 216.81pt>
File: figs/fig_gnomad_rep.pdf Graphic file (type pdf)
<use figs/fig_gnomad_rep.pdf>
Package pdftex.def Info: figs/fig_gnomad_rep.pdf  used on input line 3.
(pdftex.def)             Requested size: 446.26582pt x 148.75876pt.
) (./clingen_sec.tex
Overfull \hbox (37.77141pt too wide) in paragraph at lines 1--1
 \OT1/ptm/b/n/10.95 Pre-registered held-out repli-ca-tion.[] \OT1/ptm/m/n/10.95
 We com-mit-ted a repli-ca-tion script be-fore run-ning it (\OT1/cmtt/m/n/10.95
 gnomad[]replication\OT1/ptm/m/n/10.95 ):
 []

[19 <./figs/fig_uniprot.pdf>]
<figs/fig_clingen.pdf, id=940, 433.62pt x 202.356pt>
File: figs/fig_clingen.pdf Graphic file (type pdf)
<use figs/fig_clingen.pdf>
Package pdftex.def Info: figs/fig_clingen.pdf  used on input line 9.
(pdftex.def)             Requested size: 291.2458pt x 135.92055pt.
) (./collins_sec.tex [20 <./figs/fig_gnomad.pdf> <./figs/fig_gnomad_rep.pdf>]
<figs/fig_collins.pdf, id=1053, 462.52798pt x 209.58301pt>
File: figs/fig_collins.pdf Graphic file (type pdf)
<use figs/fig_collins.pdf>
Package pdftex.def Info: figs/fig_collins.pdf  used on input line 10.
(pdftex.def)             Requested size: 310.04002pt x 140.49342pt.
) (./hpo_sec.tex [21 <./figs/fig_clingen.pdf>])
(./clinvar_sec.tex) (./depmap_sec.tex
Overfull \hbox (15.44487pt too wide) in paragraph at lines 2--1
\OT1/ptm/m/n/10.95 The last la-bel was Clin-Var (gene sum-mary dated Septem-ber
 23, 2026): genes with at least five Pathogenic/Likely
 []


LaTeX Warning: `h' float specifier changed to `ht'.

[22 <./figs/fig_collins.pdf>]) (./complexportal_sec.tex) (./pubmed_sec.tex
LaTeX Font Info:    Font shape `OT1/ptm/bx/n' in size <5> not available
(Font)              Font shape `OT1/ptm/b/n' tried instead on input line 3.
)
(./decipher_sec.tex [23]) (./genebayes_sec.tex) (./explof_sec.tex [24])
(./biomart_sec.tex) (./hgnc_sec.tex
Overfull \hbox (8.94917pt too wide) in paragraph at lines 3--7
 [][] 
 []

) (./orphanet_sec.tex [25]
Overfull \hbox (37.19196pt too wide) in paragraph at lines 1--1
[]\OT1/ptm/b/n/12 Orphanet rare-disease genes: de-ple-tion vs expression-matche
d only; gone against publication-
 []

) (./mgi_sec.tex) [26] [27] [28] [29] (./derivations.tex [30] [31]) [32]
(./main.aux) ) 
Here is how much of TeX's memory you used:
 3744 strings out of 480247
 57458 string characters out of 5896151
 350912 words of memory out of 5000000
 21507 multiletter control sequences out of 15000+600000
 534934 words of font info for 170 fonts, out of 8000000 for 9000
 14 hyphenation exceptions out of 8191
 55i,11n,62p,5146b,233s stack positions out of 5000i,500n,10000p,200000b,80000s
{/usr/share/texlive/texmf-dist/fonts/enc/dvips/base/8r.enc}</usr/
share/texlive/texmf-dist/fonts/type1/public/amsfonts/cm/cmex10.pfb></usr/share/
texlive/texmf-dist/fonts/type1/public/amsfonts/cm/cmmi10.pfb></usr/share/texliv
e/texmf-dist/fonts/type1/public/amsfonts/cm/cmr10.pfb></usr/share/texlive/texmf
-dist/fonts/type1/public/amsfonts/cm/cmsy10.pfb></usr/share/texlive/texmf-dist/
fonts/type1/public/amsfonts/cm/cmtt10.pfb></usr/share/texlive/texmf-dist/fonts/
type1/public/amsfonts/symbols/msbm10.pfb></usr/share/texlive/texmf-dist/fonts/t
ype1/public/rsfs/rsfs10.pfb></usr/share/texlive/texmf-dist/fonts/type1/urw/symb
ol/usyr.pfb></usr/share/texlive/texmf-dist/fonts/type1/urw/symbol/usyr.pfb></us
r/share/texlive/texmf-dist/fonts/type1/urw/times/utmb8a.pfb></usr/share/texlive
/texmf-dist/fonts/type1/urw/times/utmr8a.pfb></usr/share/texlive/texmf-dist/fon
ts/type1/urw/times/utmri8a.pfb>
Output written on main.pdf (32 pages, 527291 bytes).
PDF statistics:
 1241 PDF objects out of 1440 (max. 8388607)
 222 compressed objects within 3 object streams
 0 named destinations out of 1000 (max. 500000)
 106 words of extra memory for PDF output out of 10000 (max. 10000000)

